// Jest Snapshot v1, https://goo.gl/fbAQLP

exports[`renders homepage unchanged 1`] = `
<div>
  <main
    class="max-w-none prose-p:m-0 prose prose-neutral prose:font-sans dark:prose-invert xl:prose-lg prose-headings:font-normal prose-strong:font-semibold prose-a:underline prose-a:decoration-primary/50 prose-a:underline-offset-2 prose-a:text-foreground/75 prose-a:transition-all hover:prose-a:decoration-primary hover:prose-a:text-foreground prose-blockquote:not-italic prose-pre:border prose-pre:bg-muted/25 prose-pre:text-foreground"
  >
    <section
      class="py-8 md:py-12"
    >
      <div
        class="mx-auto max-w-5xl p-6 sm:p-8"
      >
        <h1>
          Heading
        </h1>
        <p>
          Content
        </p>
      </div>
    </section>
  </main>
</div>
`;
