// Jest Snapshot v1, https://goo.gl/fbAQLP

exports[`renders homepage unchanged 1`] = `
<div>
  <header
    class="flex h-20 w-full shrink-0 items-center px-4 md:px-6 bg-stone-700 dark:bg-neutral-900 text-white"
  >
    <button
      aria-controls="radix-:r0:"
      aria-expanded="false"
      aria-haspopup="dialog"
      class="inline-flex items-center justify-center whitespace-nowrap rounded-md text-sm font-medium transition-colors focus-visible:outline-none focus-visible:ring-1 focus-visible:ring-ring disabled:pointer-events-none disabled:opacity-50 bg-primary text-primary-foreground shadow hover:bg-primary/90 h-9 w-9 lg:hidden"
      data-state="closed"
      type="button"
    >
      <svg
        class="lucide lucide-menu h-6 w-6"
        fill="none"
        height="24"
        stroke="currentColor"
        stroke-linecap="round"
        stroke-linejoin="round"
        stroke-width="2"
        viewBox="0 0 24 24"
        width="24"
        xmlns="http://www.w3.org/2000/svg"
      >
        <line
          x1="4"
          x2="20"
          y1="12"
          y2="12"
        />
        <line
          x1="4"
          x2="20"
          y1="6"
          y2="6"
        />
        <line
          x1="4"
          x2="20"
          y1="18"
          y2="18"
        />
      </svg>
      <span
        class="sr-only"
      >
        Toggle Navigation Menu
      </span>
    </button>
    <div
      class="mr-4 lg:mr-8"
    >
      <img
        alt="Your Logo"
        class="h-12 w-12 ml-4"
        data-nimg="1"
        decoding="async"
        height="40"
        loading="lazy"
        src="/_next/image?url=%2Fimg.jpg&w=96&q=75"
        srcset="/_next/image?url=%2Fimg.jpg&w=48&q=75 1x, /_next/image?url=%2Fimg.jpg&w=96&q=75 2x"
        style="color: transparent;"
        width="40"
      />
    </div>
    <div
      class="ml-auto hidden lg:flex"
    >
      <nav
        class="flex items-center gap-6"
      >
        <button
          class="inline-flex items-center justify-center whitespace-nowrap rounded-md text-sm font-medium transition-colors focus-visible:outline-none focus-visible:ring-1 focus-visible:ring-ring disabled:pointer-events-none disabled:opacity-50 hover:bg-accent hover:text-accent-foreground h-9 w-9"
        >
          <svg
            class="lucide lucide-sun"
            fill="none"
            height="24"
            stroke="currentColor"
            stroke-linecap="round"
            stroke-linejoin="round"
            stroke-width="2"
            viewBox="0 0 24 24"
            width="24"
            xmlns="http://www.w3.org/2000/svg"
          >
            <circle
              cx="12"
              cy="12"
              r="4"
            />
            <path
              d="M12 2v2"
            />
            <path
              d="M12 20v2"
            />
            <path
              d="m4.93 4.93 1.41 1.41"
            />
            <path
              d="m17.66 17.66 1.41 1.41"
            />
            <path
              d="M2 12h2"
            />
            <path
              d="M20 12h2"
            />
            <path
              d="m6.34 17.66-1.41 1.41"
            />
            <path
              d="m19.07 4.93-1.41 1.41"
            />
          </svg>
        </button>
        <a
          class="text-sm font-medium hover:underline underline-offset-4"
          href="#about"
        >
          About
        </a>
        <a
          class="text-sm font-medium hover:underline underline-offset-4"
          href="#features"
        >
          Features
        </a>
        <a
          class="text-sm font-medium hover:underline underline-offset-4"
          href="#contact"
        >
          Contact
        </a>
      </nav>
    </div>
  </header>
  <section
    class="min-h-screen"
    id="hero"
  >
    <div
      class="flex flex-col items-center text-center mt-8"
    >
      <img
        alt="INDIa Logo"
        class="not-prose w-80 h-100 mb-6 dark:invert md:mb-8"
        data-nimg="1"
        decoding="async"
        height="40"
        loading="lazy"
        src="/_next/image?url=%2Fimg.jpg&w=96&q=75"
        srcset="/_next/image?url=%2Fimg.jpg&w=48&q=75 1x, /_next/image?url=%2Fimg.jpg&w=96&q=75 2x"
        style="color: transparent;"
        width="40"
      />
      <h1
        class="text-6xl !mb-0"
      >
        <span
          data-br=":r3:"
          data-brr="1"
          style="display: inline-block; vertical-align: top; text-decoration: inherit; text-wrap: balance;"
        >
          Fine grained modern remote observatory control
        </span>
        <script>
          self.__wrap_n=self.__wrap_n||(self.CSS&&CSS.supports("text-wrap","balance")?1:2);self.__wrap_b=(e,n,t)=&gt;{t=t||document.querySelector(\`[data-br="\${e}"]\`);let r=t==null?void 0:t.parentElement;if(!r)return;let o=u=&gt;t.style.maxWidth=u+"px";t.style.maxWidth="";let l=r.clientWidth,d=r.clientHeight,s=l/2-.25,a=l+.5,c;if(l){for(o(s),s=Math.max(t.scrollWidth,s);s+1&lt;a;)c=Math.round((s+a)/2),o(c),r.clientHeight===d?a=c:s=c;o(a*n+l*(1-n))}t.__wrap_o||(typeof ResizeObserver!="undefined"?(t.__wrap_o=new ResizeObserver(()=&gt;{self.__wrap_b(0,+t.dataset.brr,t)})).observe(r):process.env.NODE_ENV==="development"&&console.warn("The browser you are using does not support the ResizeObserver API. Please consider add polyfill for this API to avoid potential layout shifts or upgrade your browser. Read more: https://github.com/shuding/react-wrap-balancer#browser-support-information"))};self.__wrap_n!=1&&self.__wrap_b(":r3:",1)
        </script>
      </h1>
      <h3
        class="text-2xl mt-8 text-muted-foreground"
      >
        <span
          data-br=":r4:"
          data-brr="1"
          style="display: inline-block; vertical-align: top; text-decoration: inherit; text-wrap: balance;"
        >
          Ut enim ad minim veniam, quis nostrud exercitation ullamco laboris nisi ut aliquip ex ea commodo consequat.
        </span>
        <script>
          self.__wrap_n=self.__wrap_n||(self.CSS&&CSS.supports("text-wrap","balance")?1:2);self.__wrap_b=(e,n,t)=&gt;{t=t||document.querySelector(\`[data-br="\${e}"]\`);let r=t==null?void 0:t.parentElement;if(!r)return;let o=u=&gt;t.style.maxWidth=u+"px";t.style.maxWidth="";let l=r.clientWidth,d=r.clientHeight,s=l/2-.25,a=l+.5,c;if(l){for(o(s),s=Math.max(t.scrollWidth,s);s+1&lt;a;)c=Math.round((s+a)/2),o(c),r.clientHeight===d?a=c:s=c;o(a*n+l*(1-n))}t.__wrap_o||(typeof ResizeObserver!="undefined"?(t.__wrap_o=new ResizeObserver(()=&gt;{self.__wrap_b(0,+t.dataset.brr,t)})).observe(r):process.env.NODE_ENV==="development"&&console.warn("The browser you are using does not support the ResizeObserver API. Please consider add polyfill for this API to avoid potential layout shifts or upgrade your browser. Read more: https://github.com/shuding/react-wrap-balancer#browser-support-information"))};self.__wrap_n!=1&&self.__wrap_b(":r4:",1)
        </script>
      </h3>
      <div
        class="not-prose mt-6 flex gap-2 md:mt-12"
      >
        <a
          class="inline-flex items-center justify-center whitespace-nowrap rounded-md text-sm font-medium transition-colors focus-visible:outline-none focus-visible:ring-1 focus-visible:ring-ring disabled:pointer-events-none disabled:opacity-50 bg-primary text-primary-foreground shadow hover:bg-primary/90 h-9 px-4 py-2"
          href="/authenticate"
        >
          <svg
            class="lucide lucide-telescope mr-2"
            fill="none"
            height="24"
            stroke="currentColor"
            stroke-linecap="round"
            stroke-linejoin="round"
            stroke-width="2"
            viewBox="0 0 24 24"
            width="24"
            xmlns="http://www.w3.org/2000/svg"
          >
            <path
              d="m10.065 12.493-6.18 1.318a.934.934 0 0 1-1.108-.702l-.537-2.15a1.07 1.07 0 0 1 .691-1.265l13.504-4.44"
            />
            <path
              d="m13.56 11.747 4.332-.924"
            />
            <path
              d="m16 21-3.105-6.21"
            />
            <path
              d="M16.485 5.94a2 2 0 0 1 1.455-2.425l1.09-.272a1 1 0 0 1 1.212.727l1.515 6.06a1 1 0 0 1-.727 1.213l-1.09.272a2 2 0 0 1-2.425-1.455z"
            />
            <path
              d="m6.158 8.633 1.114 4.456"
            />
            <path
              d="m8 21 3.105-6.21"
            />
            <circle
              cx="12"
              cy="13"
              r="2"
            />
          </svg>
          Get Started
        </a>
      </div>
    </div>
  </section>
</div>
`;
